// Jest Snapshot v1, https://goo.gl/fbAQLP

exports[`AddMovieBtn should match AddMovieBtn snapshot 1`] = `
<DocumentFragment>
  <button
    class="addMovieBtn"
  >
    + Add Movie
  </button>
</DocumentFragment>
`;
