// Jest Snapshot v1, https://goo.gl/fbAQLP

exports[`Header should match Header snapshot 1`] = `
<DocumentFragment>
  <header
    class="header"
  >
    Header
  </header>
</DocumentFragment>
`;
