// Jest Snapshot v1, https://goo.gl/fbAQLP

exports[`Main should match Main snapshot 1`] = `
<DocumentFragment>
  <div
    class="main"
  >
    Main
  </div>
</DocumentFragment>
`;
