// Jest Snapshot v1, https://goo.gl/fbAQLP

exports[`Logo should match Logo snapshot 1`] = `
<DocumentFragment>
  <a
    class="logoLink"
    href="/"
  >
    <span
      class="logoLinkBold"
    >
      netflix
    </span>
    roulette
  </a>
</DocumentFragment>
`;
